// Jest Snapshot v1, https://goo.gl/fbAQLP

exports[`Variants snaps renders snapshot 1`] = `
"<div className='variants'>
  <Label className='variants-color' text='COLOR: NAKED' />
  <Label className='variants-price' text='$68' />
  <Swatches selected='naked-1' colors={{...}} onChange={[Function: bound onChangeColor]} />
  <Label className='variants-stock' text='STOCK: 764' />
  <div className='variants-sizes__container'>
    <div className='variants-band__selector'>
      <Dropdown selected={{...}} options={{...}} onChange={[Function: bound onChangeBand]} label='BAND SIZE' />
    </div>
    <div className='variants-cup__selector'>
      <Dropdown selected={{...}} options={{...}} onChange={[Function: bound onChangeCup]} label='CUP SIZE' />
    </div>
  </div>
  <Buttonn className='variants-submit__button full-size' text='Add to Bag' onClick={[Function: onClick]} />
</div>"
`;
