// Jest Snapshot v1, https://goo.gl/fbAQLP

exports[`Carousel renders snapshot 1`] = `"<ImageGallery items={{...}} showNav={true} autoPlay={false} lazyLoad={false} infinite={true} showIndex={false} showBullets={false} showThumbnails={true} showPlayButton={true} showFullscreenButton={true} disableThumbnailScroll={false} disableArrowKeys={false} disableSwipe={false} useTranslate3D={true} isRTL={false} useBrowserFullscreen={true} preventDefaultTouchmoveEvent={false} flickThreshold={0.4} stopPropagation={false} indexSeparator=' / ' thumbnailPosition='bottom' startIndex={0} slideDuration={450} swipingTransitionDuration={0} slideInterval={3000} swipeThreshold={30} renderLeftNav={[Function: renderLeftNav]} renderRightNav={[Function: renderRightNav]} renderPlayPauseButton={[Function: renderPlayPauseButton]} renderFullscreenButton={[Function: renderFullscreenButton]} />"`;
