// Jest Snapshot v1, https://goo.gl/fbAQLP

exports[`Button snaps renders snapshot with fullProps 1`] = `
"<Button className='__CLASS_NAME__' type='button' onClick={[Function: mockConstructor]} color='secondary' tag='button'>
  __TEXT__
</Button>"
`;

exports[`Button snaps renders snapshot without props 1`] = `"<Button className='' type='button' onClick={[Function: onClick]} color='secondary' tag='button' />"`;
