// Jest Snapshot v1, https://goo.gl/fbAQLP

exports[`Button snaps renders snapshot with fullProps 1`] = `
"<button className='__TEXT__ __CLASS_NAME__' type='button' onClick={[Function: mockConstructor]}>
  __TEXT__
</button>"
`;

exports[`Button snaps renders snapshot without props 1`] = `"<button className='' type='button' onClick={[Function: onClick]} />"`;
