// Jest Snapshot v1, https://goo.gl/fbAQLP

exports[`Swatches snaps renders snapshot with basicProps 1`] = `"<ColorPicker colors={{...}} onChange={[Function: onChange]} width={252} circleSize={28} circleSpacing={14} styles={{...}} color={{...}} />"`;

exports[`Swatches snaps renders snapshot with fullProps 1`] = `"<ColorPicker colors={{...}} onChange={[Function: onChange]} width={252} circleSize={28} circleSpacing={14} styles={{...}} color={{...}} />"`;
